[06:09:27] PROMPT -> mlx-community/gemma-4-e4b-it-4bit: Tick 2000. Cash 8000. Own units (16): 1x 2tnk, 1x e1. Enemy sightings: 1x 3tnk, 1x mig. + radar image map.png (0 KB)
[06:11:24] PROMPT -> mlx-community/gemma-4-e4b-it-4bit: Tick 2000. Cash 8000. Own units (16): 1x 2tnk, 1x e1, 1x e3. Enemy sightings: 1x 3tnk, 1x mig. + radar image map.png (0 KB)
[06:11:34] REPLY <- mlx-community/gemma-4-e4b-it-4bit: {"produce": ["e1", "e3"], "attack": {"x": 0, "y": 0}, "retreat": false}
[06:11:34] PLAN  -> {"produce": ["e1", "e3"], "attack": {"x": 0, "y": 0}, "retreat": false}
[06:11:58] PROMPT -> mlx-community/gemma-4-e4b-it-4bit: Tick 2000. Cash 8000. Own units (16): 1x 2tnk, 1x e1. Enemy sightings: 1x 3tnk, 1x mig. + radar image map.png (0 KB)
[06:12:08] REPLY <- mlx-community/gemma-4-e4b-it-4bit: {"produce": ["2tnk"], "attack": {"x": 0, "y": 0}, "retreat": false}
[06:12:23] PROMPT -> mlx-community/gemma-4-e4b-it-4bit: Tick 2000. Cash 8000. Own units (16): 1x 2tnk, 1x e1. Enemy sightings: 1x 3tnk, 1x mig. + radar image map.png (0 KB)
[06:12:31] REPLY <- mlx-community/gemma-4-e4b-it-4bit: {"produce": ["2tnk"], "attack": {"x": 0, "y": 0}, "retreat": false}
[06:12:31] PLAN  -> {"produce": ["2tnk"], "attack": {"x": 82, "y": 92}, "retreat": false}
[06:26:11] PROMPT -> mlx-community/gemma-4-e4b-it-4bit: Team: Multi0: cash 9000, 3 units (1x 3tnk, 1x e1, 1x heli), 1 structures | Multi1: cash 6000, 2 units (1x mig, 1x ss), 1 structures. Enemy sightings (3): 1x 4tnk, 1x e3, 1x mig. + radar image map.png (0 KB)
[06:26:23] REPLY <- mlx-community/gemma-4-e4b-it-4bit: {"strategy": "build", "attack": {"x": 0, "y": 0}, "feint": {"x": 0, "y": 0}, "counter": {"x": 0, "y": 0}, "roles": {"Multi0": "main", "Multi1": "main"}, "produce": ["mig", "ss"], "retreat": false, "transport": {"kind": "none", "to": {"x": 0, "y": 0}}}
[06:26:23] PROMPT -> mlx-community/gemma-4-e4b-it-4bit: Team: Multi0: cash 9000, 3 units (1x 3tnk, 1x e1, 1x heli), 1 structures | Multi1: cash 6000, 2 units (1x mig, 1x ss), 1 structures. Enemy sightings (3): 1x 4tnk, 1x e3, 1x mig. + radar image map.png (0 KB)
[06:26:35] REPLY <- mlx-community/gemma-4-e4b-it-4bit: {"strategy": "build", "attack": {"x": 0, "y": 0}, "feint": {"x": 0, "y": 0}, "counter": {"x": 0, "y": 0}, "roles": {"Multi0": "main", "Multi1": "main"}, "produce": ["mig", "ss"], "retreat": false, "transport": {"kind": "none", "to": {"x": 0, "y": 0}}}
[06:27:24] PROMPT -> mlx-community/gemma-4-e4b-it-4bit: Team: Multi0: cash 9000, 2 units (1x 3tnk, 1x e1), 1 structures | Multi1: cash 6000, 1 units (1x ss), 1 structures. Enemy sightings (2): 1x 4tnk, 1x mig.
[06:27:32] REPLY <- mlx-community/gemma-4-e4b-it-4bit: {"strategy": "build", "attack": {"x": -1, "y": -1}, "feint": {"x": -1, "y": -1}, "counter": {"x": -1, "y": -1}, "roles": {"Multi0": "main", "Multi1": "escort"}, "produce": ["tank", "fighter"], "retreat": false, "transport": null}
[06:27:32] PLAN  -> {"strategy": "build", "attack": {"x": -1, "y": -1}, "feint": {"x": -1, "y": -1}, "counter": {"x": -1, "y": -1}, "roles": {"Multi0": "main", "Multi1": "escort"}, "produce": ["tank", "fighter"], "retreat": false, "transport": null}
[06:28:06] PROMPT -> mlx-community/gemma-4-e4b-it-4bit: Team: Multi0: cash 9000, 1 units (1x 3tnk), 0 structures | Multi1: cash 6000, 1 units (1x ss), 0 structures. Enemy sightings (1): 1x 4tnk.
[06:28:14] REPLY <- mlx-community/gemma-4-e4b-it-4bit: {"strategy": "attack", "attack": {"x": 0, "y": 0}, "feint": null, "counter": null, "roles": {"Multi0": "main", "Multi1": "escort"}, "produce": [], "retreat": false, "transport": null}
[06:28:14] PLAN  -> {"strategy": "attack", "attack": {"x": 110, "y": 120}, "feint": {"x": 110, "y": 120}, "counter": {"x": 110, "y": 120}, "roles": {"Multi0": "main", "Multi1": "escort"}, "produce": [], "retreat": false, "transport": null}
[06:46:53] PROMPT -> mlx-community/gemma-4-e4b-it-4bit: Team: Multi0: cash 12000, 3 units (1x 2tnk, 1x 3tnk, 1x e1), 1 structures | Multi1: cash 7000, 2 units (1x mig, 1x ss), 1 structures. Enemy sightings (3): 1x 3tnk, 1x 4tnk, 1x e3.
[06:47:02] REPLY <- mlx-community/gemma-4-e4b-it-4bit: {"posture": "attack", "strategy": "attack", "attack": {"x": 0, "y": 0}, "feint": {}, "counter": {}, "roles": {"Multi0": "main", "Multi1": "escort"}, "produce": ["2tnk", "3tnk"], "retreat": false, "transport": {}, "missions": [{"type": "attack", "x": 0, "y": 0, "priority": 70}]}
[06:47:02] PLAN  -> {"posture": "attack", "strategy": "attack", "attack": {"x": 112, "y": 120}, "feint": {"x": 112, "y": 120}, "counter": {"x": 112, "y": 120}, "roles": {"Multi0": "main", "Multi1": "escort"}, "produce": ["2tnk", "3tnk"], "retreat": false, "transport": null, "missions": [{"type": "attack", "x": 112, "y": 120, "priority": 70}]}
